
> apolo-dota2-bot@1.0.0 test:unit
> vitest run tests/unit


[1m[46m RUN [49m[22m [36mv4.0.15 [39m[90mX:/UP PROJECT - Bots DISCORD/BOT DISC - APOLO DOTA2[39m

 [32mÔ£ô[39m tests/unit/i18n.test.ts [2m([22m[2m26 tests[22m[2m)[22m[32m 9[2mms[22m[39m
 [32mÔ£ô[39m tests/unit/steamId.test.ts [2m([22m[2m30 tests[22m[2m)[22m[32m 10[2mms[22m[39m
 [32mÔ£ô[39m tests/unit/teamAnalyzer.test.ts [2m([22m[2m39 tests[22m[2m)[22m[32m 19[2mms[22m[39m
 [32mÔ£ô[39m tests/unit/draftSimulator.test.ts [2m([22m[2m50 tests[22m[2m)[22m[32m 20[2mms[22m[39m
 [32mÔ£ô[39m dist/tests/unit/i18n.test.js [2m([22m[2m26 tests[22m[2m)[22m[32m 13[2mms[22m[39m
 [32mÔ£ô[39m tests/unit/prometheus-metrics.test.ts [2m([22m[2m18 tests[22m[2m)[22m[32m 15[2mms[22m[39m
 [32mÔ£ô[39m dist/tests/unit/prometheus-metrics.test.js [2m([22m[2m18 tests[22m[2m)[22m[32m 14[2mms[22m[39m
 [32mÔ£ô[39m dist/tests/unit/teamAnalyzer.test.js [2m([22m[2m39 tests[22m[2m)[22m[32m 17[2mms[22m[39m
 [32mÔ£ô[39m dist/tests/unit/draftSimulator.test.js [2m([22m[2m50 tests[22m[2m)[22m[32m 21[2mms[22m[39m
 [32mÔ£ô[39m dist/tests/unit/steamId.test.js [2m([22m[2m30 tests[22m[2m)[22m[32m 11[2mms[22m[39m
 [32mÔ£ô[39m dist/tests/unit/teamBalancer.test.js [2m([22m[2m12 tests[22m[2m)[22m[32m 9[2mms[22m[39m
 [32mÔ£ô[39m tests/unit/teamBalancer.test.ts [2m([22m[2m12 tests[22m[2m)[22m[32m 11[2mms[22m[39m
 [32mÔ£ô[39m tests/unit/visionHeatmap.test.ts [2m([22m[2m2 tests[22m[2m)[22m[32m 9[2mms[22m[39m
 [32mÔ£ô[39m dist/tests/unit/visionHeatmap.test.js [2m([22m[2m2 tests[22m[2m)[22m[32m 8[2mms[22m[39m
[90mstdout[2m | tests/unit/pool-manager.test.ts
[22m[39m­ƒôè Database Pool Configuration
ÔòÉÔòÉÔòÉÔòÉÔòÉÔòÉÔòÉÔòÉÔòÉÔòÉÔòÉÔòÉÔòÉÔòÉÔòÉÔòÉÔòÉÔòÉÔòÉÔòÉÔòÉÔòÉÔòÉÔòÉÔòÉÔòÉÔòÉÔòÉÔòÉÔòÉÔòÉÔòÉÔòÉÔòÉÔòÉÔòÉÔòÉÔòÉÔòÉÔòÉÔòÉÔòÉÔòÉÔòÉÔòÉÔòÉÔòÉÔòÉÔòÉÔòÉÔòÉ
  Environment: test
  Max Connections: 5
  Min Idle: 1
  Idle Timeout: 10000ms
  Connection Timeout: 2000ms
  Query Timeout: 5000ms
  Statement Cache: 50
  Connection Validation: disabled
  Failover Pool: disabled
  
ÔòÉÔòÉÔòÉÔòÉÔòÉÔòÉÔòÉÔòÉÔòÉÔòÉÔòÉÔòÉÔòÉÔòÉÔòÉÔòÉÔòÉÔòÉÔòÉÔòÉÔòÉÔòÉÔòÉÔòÉÔòÉÔòÉÔòÉÔòÉÔòÉÔòÉÔòÉÔòÉÔòÉÔòÉÔòÉÔòÉÔòÉÔòÉÔòÉÔòÉÔòÉÔòÉÔòÉÔòÉÔòÉÔòÉÔòÉÔòÉÔòÉÔòÉÔòÉ

[90mstdout[2m | tests/unit/pool-manager.test.ts[2m > [22m[2mDatabase Connection Pool - Performance Tests
[22m[39m
­ƒº¬ Starting Pool Load Tests...


[90mstdout[2m | tests/unit/pool-manager.test.ts[2m > [22m[2mDatabase Connection Pool - Performance Tests[2m > [22m[2mshould generate pool status reports
[22m[39m  Ô£à Status reporting verified

[90mstdout[2m | tests/unit/pool-manager.test.ts[2m > [22m[2mDatabase Connection Pool - Performance Tests
[22m[39m
Ô£à Pool Load Tests Complete


[90mstdout[2m | tests/unit/pool-manager.test.ts[2m > [22m[2mDatabase Connection Pool - Failover Tests[2m > [22m[2mshould have failover pool configured in production
[22m[39m  Ô£à Failover pool: inactive

 [32mÔ£ô[39m tests/unit/pool-manager.test.ts [2m([22m[2m18 tests[22m[2m | [22m[33m16 skipped[39m[2m)[22m[32m 6[2mms[22m[39m
[90mstdout[2m | dist/tests/unit/pool-manager.test.js
[22m[39m­ƒôè Database Pool Configuration
ÔòÉÔòÉÔòÉÔòÉÔòÉÔòÉÔòÉÔòÉÔòÉÔòÉÔòÉÔòÉÔòÉÔòÉÔòÉÔòÉÔòÉÔòÉÔòÉÔòÉÔòÉÔòÉÔòÉÔòÉÔòÉÔòÉÔòÉÔòÉÔòÉÔòÉÔòÉÔòÉÔòÉÔòÉÔòÉÔòÉÔòÉÔòÉÔòÉÔòÉÔòÉÔòÉÔòÉÔòÉÔòÉÔòÉÔòÉÔòÉÔòÉÔòÉÔòÉ
  Environment: test
  Max Connections: 5
  Min Idle: 1
  Idle Timeout: 10000ms
  Connection Timeout: 2000ms
  Query Timeout: 5000ms
  Statement Cache: 50
  Connection Validation: disabled
  Failover Pool: disabled
  
ÔòÉÔòÉÔòÉÔòÉÔòÉÔòÉÔòÉÔòÉÔòÉÔòÉÔòÉÔòÉÔòÉÔòÉÔòÉÔòÉÔòÉÔòÉÔòÉÔòÉÔòÉÔòÉÔòÉÔòÉÔòÉÔòÉÔòÉÔòÉÔòÉÔòÉÔòÉÔòÉÔòÉÔòÉÔòÉÔòÉÔòÉÔòÉÔòÉÔòÉÔòÉÔòÉÔòÉÔòÉÔòÉÔòÉÔòÉÔòÉÔòÉÔòÉÔòÉ

[90mstdout[2m | dist/tests/unit/pool-manager.test.js[2m > [22m[2mDatabase Connection Pool - Performance Tests
[22m[39m
­ƒº¬ Starting Pool Load Tests...


[90mstdout[2m | dist/tests/unit/pool-manager.test.js[2m > [22m[2mDatabase Connection Pool - Performance Tests[2m > [22m[2mshould generate pool status reports
[22m[39m  Ô£à Status reporting verified

[90mstdout[2m | dist/tests/unit/pool-manager.test.js[2m > [22m[2mDatabase Connection Pool - Performance Tests
[22m[39m
Ô£à Pool Load Tests Complete


[90mstdout[2m | dist/tests/unit/pool-manager.test.js[2m > [22m[2mDatabase Connection Pool - Failover Tests[2m > [22m[2mshould have failover pool configured in production
[22m[39m  Ô£à Failover pool: inactive

 [32mÔ£ô[39m dist/tests/unit/pool-manager.test.js [2m([22m[2m18 tests[22m[2m | [22m[33m16 skipped[39m[2m)[22m[32m 5[2mms[22m[39m
 [32mÔ£ô[39m tests/unit/advancedButtons.test.ts [2m([22m[2m26 tests[22m[2m)[22m[32m 23[2mms[22m[39m
 [32mÔ£ô[39m tests/unit/embedTheme.test.ts [2m([22m[2m66 tests[22m[2m)[22m[32m 14[2mms[22m[39m
 [32mÔ£ô[39m dist/tests/unit/embedTheme.test.js [2m([22m[2m66 tests[22m[2m)[22m[32m 14[2mms[22m[39m
 [32mÔ£ô[39m dist/tests/unit/advancedButtons.test.js [2m([22m[2m26 tests[22m[2m)[22m[32m 15[2mms[22m[39m
node.exe : [90mstderr[2m | 
tests/unit/redis-manager.test.ts[2m > [22m[2mRedis 
Manager - Cache Optimization (Phase 13)
No C:\Program Files\nodejs\npm.ps1:29 caractere:3
+   & $NODE_EXE $NPM_CLI_JS $args
+   ~~~~~~~~~~~~~~~~~~~~~~~~~~~~~
    + CategoryInfo          : NotSpecified: ([90mstderr 
   [2m...tion (Phase 13):String) [], RemoteException
    + FullyQualifiedErrorId : NativeCommandError
 
[22m[39mÔØî Redis error: getaddrinfo ENOTFOUND redis

[90mstdout[2m | tests/unit/redis-manager.test.ts[2m > [22m[2mRedis Manager - Cache Optimization (Phase 13)
[22m[39m­ƒöä Redis reconnect attempt 1 (delay: 100ms)
­ƒö┤ Redis connection closed
­ƒöä Redis reconnecting...

[90mstderr[2m | 
dist/tests/unit/redis-manager.test.js[2m > 
[22m[2mRedis Manager - Cache Optimization (Phase 13)
[22m[39mÔØî Redis error: getaddrinfo ENOTFOUND redis

[90mstdout[2m | dist/tests/unit/redis-manager.test.js[2m > [22m[2mRedis Manager - Cache Optimization (Phase 13)
[22m[39m­ƒöä Redis reconnect attempt 1 (delay: 100ms)
­ƒö┤ Redis connection closed
­ƒöä Redis reconnecting...

[90mstderr[2m | tests/unit/redis-manager.test.ts[2m > 
[22m[2mRedis Manager - Cache Optimization (Phase 13)
[22m[39mÔØî Redis connection test failed: Error: 
Command timed out
    at Timeout._onTimeout [90m(X:\UP PROJECT - Bots 
DISCORD\BOT DISC - APOLO DOTA2\[39mnode_modules\[4miored
is[24m\built\Command.js:192:33[90m)[39m
[90m    at listOnTimeout 
(node:internal/timers:588:17)[39m
[90m    at processTimers 
(node:internal/timers:523:7)[39m

[90mstderr[2m | 
dist/tests/unit/redis-manager.test.js[2m > 
[22m[2mRedis Manager - Cache Optimization (Phase 13)
[22m[39mÔØî Redis connection test failed: Error: 
Command timed out
    at Timeout._onTimeout [90m(X:\UP PROJECT - Bots 
DISCORD\BOT DISC - APOLO DOTA2\[39mnode_modules\[4miored
is[24m\built\Command.js:192:33[90m)[39m
[90m    at listOnTimeout 
(node:internal/timers:588:17)[39m
[90m    at processTimers 
(node:internal/timers:523:7)[39m

[90mstderr[2m | tests/unit/redis-manager.test.ts[2m > 
[22m[2mRedis Manager - Cache Optimization (Phase 13)
[22m[39mÔØî Redis error: getaddrinfo ENOTFOUND redis

[90mstderr[2m | 
dist/tests/unit/redis-manager.test.js[2m > 
[22m[2mRedis Manager - Cache Optimization (Phase 13)
[22m[39mÔØî Redis error: getaddrinfo ENOTFOUND redis

[90mstdout[2m | dist/tests/unit/redis-manager.test.js[2m > [22m[2mRedis Manager - Cache Optimization (Phase 13)
[22m[39m­ƒöä Redis reconnect attempt 2 (delay: 200ms)
­ƒö┤ Redis connection closed
­ƒöä Redis reconnecting...

[90mstdout[2m | tests/unit/redis-manager.test.ts[2m > [22m[2mRedis Manager - Cache Optimization (Phase 13)
[22m[39m­ƒöä Redis reconnect attempt 2 (delay: 200ms)
­ƒö┤ Redis connection closed
­ƒöä Redis reconnecting...

[90mstderr[2m | 
dist/tests/unit/redis-manager.test.js[2m > 
[22m[2mRedis Manager - Cache Optimization (Phase 13)
[22m[39mÔØî Redis error: getaddrinfo ENOTFOUND redis

[90mstderr[2m | tests/unit/redis-manager.test.ts[2m > 
[22m[2mRedis Manager - Cache Optimization (Phase 13)
[22m[39mÔØî Redis error: getaddrinfo ENOTFOUND redis

[90mstdout[2m | dist/tests/unit/redis-manager.test.js[2m > [22m[2mRedis Manager - Cache Optimization (Phase 13)
[22m[39m­ƒöä Redis reconnect attempt 3 (delay: 300ms)
­ƒö┤ Redis connection closed
­ƒöä Redis reconnecting...

[90mstdout[2m | tests/unit/redis-manager.test.ts[2m > [22m[2mRedis Manager - Cache Optimization (Phase 13)
[22m[39m­ƒöä Redis reconnect attempt 3 (delay: 300ms)
­ƒö┤ Redis connection closed
­ƒöä Redis reconnecting...

[90mstderr[2m | tests/unit/redis-manager.test.ts[2m > 
[22m[2mRedis Manager - Cache Optimization (Phase 13)
[22m[39mÔØî Redis connection test failed: Error: 
Command timed out
    at Timeout._onTimeout [90m(X:\UP PROJECT - Bots 
DISCORD\BOT DISC - APOLO DOTA2\[39mnode_modules\[4miored
is[24m\built\Command.js:192:33[90m)[39m
[90m    at listOnTimeout 
(node:internal/timers:588:17)[39m
[90m    at processTimers 
(node:internal/timers:523:7)[39m

[90mstderr[2m | 
dist/tests/unit/redis-manager.test.js[2m > 
[22m[2mRedis Manager - Cache Optimization (Phase 13)
[22m[39mÔØî Redis connection test failed: Error: 
Command timed out
    at Timeout._onTimeout [90m(X:\UP PROJECT - Bots 
DISCORD\BOT DISC - APOLO DOTA2\[39mnode_modules\[4miored
is[24m\built\Command.js:192:33[90m)[39m
[90m    at listOnTimeout 
(node:internal/timers:588:17)[39m
[90m    at processTimers 
(node:internal/timers:523:7)[39m

[90mstderr[2m | 
dist/tests/unit/redis-manager.test.js[2m > 
[22m[2mRedis Manager - Cache Optimization (Phase 13)
[22m[39mÔØî Redis error: getaddrinfo ENOTFOUND redis

[90mstderr[2m | tests/unit/redis-manager.test.ts[2m > 
[22m[2mRedis Manager - Cache Optimization (Phase 13)
[22m[39mÔØî Redis error: getaddrinfo ENOTFOUND redis

[90mstdout[2m | dist/tests/unit/redis-manager.test.js[2m > [22m[2mRedis Manager - Cache Optimization (Phase 13)
[22m[39m­ƒöä Redis reconnect attempt 4 (delay: 400ms)
­ƒö┤ Redis connection closed
­ƒöä Redis reconnecting...

[90mstdout[2m | tests/unit/redis-manager.test.ts[2m > [22m[2mRedis Manager - Cache Optimization (Phase 13)
[22m[39m­ƒöä Redis reconnect attempt 4 (delay: 400ms)
­ƒö┤ Redis connection closed
­ƒöä Redis reconnecting...

[90mstderr[2m | 
dist/tests/unit/redis-manager.test.js[2m > 
[22m[2mRedis Manager - Cache Optimization (Phase 13)
[22m[39mÔØî Redis connection test failed: 
MaxRetriesPerRequestError: Reached the max retries per 
request limit (which is 3). Refer to 
"maxRetriesPerRequest" option for details.
    at Socket.<anonymous> [90m(X:\UP PROJECT - Bots 
DISCORD\BOT DISC - APOLO DOTA2\[39mnode_modules\[4miored
is[24m\built\redis\event_handler.js:207:37[90m)[39m
[90m    at Object.onceWrapper (node:events:633:26)[39m
[90m    at Socket.emit (node:events:518:28)[39m
[90m    at TCP.<anonymous> (node:net:346:12)[39m

[90mstderr[2m | tests/unit/redis-manager.test.ts[2m > 
[22m[2mRedis Manager - Cache Optimization (Phase 13)
[22m[39mÔØî Redis connection test failed: 
MaxRetriesPerRequestError: Reached the max retries per 
request limit (which is 3). Refer to 
"maxRetriesPerRequest" option for details.
    at Socket.<anonymous> [90m(X:\UP PROJECT - Bots 
DISCORD\BOT DISC - APOLO DOTA2\[39mnode_modules\[4miored
is[24m\built\redis\event_handler.js:207:37[90m)[39m
[90m    at Object.onceWrapper (node:events:633:26)[39m
[90m    at Socket.emit (node:events:518:28)[39m
[90m    at TCP.<anonymous> (node:net:346:12)[39m

 [31mÔØ»[39m dist/tests/unit/redis-manager.test.js [2m([22m[2m28 tests[22m[2m | [22m[33m28 skipped[39m[2m)[22m[33m 11352[2mms[22m[39m
       [2m[90mÔåô[39m[22m should successfully connect to Redis
       [2m[90mÔåô[39m[22m should handle basic get/set operations
       [2m[90mÔåô[39m[22m should handle concurrent operations
       [2m[90mÔåô[39m[22m should maintain connection pool under sustained load
       [2m[90mÔåô[39m[22m should respect API tier TTL (5 minutes)
       [2m[90mÔåô[39m[22m should respect session tier TTL (30 minutes)
       [2m[90mÔåô[39m[22m should respect meta tier TTL (1 hour)
       [2m[90mÔåô[39m[22m should set persistent values without expiry
       [2m[90mÔåô[39m[22m should update expiry for existing keys
       [2m[90mÔåô[39m[22m should track cache hits
       [2m[90mÔåô[39m[22m should track cache misses
       [2m[90mÔåô[39m[22m should calculate accurate hit rate
       [2m[90mÔåô[39m[22m should track memory usage
       [2m[90mÔåô[39m[22m should store multiple keys and track key count
       [2m[90mÔåô[39m[22m should handle key deletion
       [2m[90mÔåô[39m[22m should handle batch key deletion
       [2m[90mÔåô[39m[22m should execute commands with acceptable latency
       [2m[90mÔåô[39m[22m should track command execution times
       [2m[90mÔåô[39m[22m should handle multiple get operations efficiently
       [2m[90mÔåô[39m[22m should provide cache metrics
       [2m[90mÔåô[39m[22m should generate formatted status report
       [2m[90mÔåô[39m[22m should track total commands executed
       [2m[90mÔåô[39m[22m should handle API response caching workflow
       [2m[90mÔåô[39m[22m should handle session data workflow
       [2m[90mÔåô[39m[22m should handle counter increments
       [2m[90mÔåô[39m[22m should simulate cache warming scenario
       [2m[90mÔåô[39m[22m should validate configuration
       [2m[90mÔåô[39m[22m should reject invalid min/max connections
 [31mÔØ»[39m tests/unit/redis-manager.test.ts [2m([22m[2m28 tests[22m[2m | [22m[33m28 skipped[39m[2m)[22m[33m 11372[2mms[22m[39m
       [2m[90mÔåô[39m[22m should successfully connect to Redis
       [2m[90mÔåô[39m[22m should handle basic get/set operations
       [2m[90mÔåô[39m[22m should handle concurrent operations
       [2m[90mÔåô[39m[22m should maintain connection pool under sustained load
       [2m[90mÔåô[39m[22m should respect API tier TTL (5 minutes)
       [2m[90mÔåô[39m[22m should respect session tier TTL (30 minutes)
       [2m[90mÔåô[39m[22m should respect meta tier TTL (1 hour)
       [2m[90mÔåô[39m[22m should set persistent values without expiry
       [2m[90mÔåô[39m[22m should update expiry for existing keys
       [2m[90mÔåô[39m[22m should track cache hits
       [2m[90mÔåô[39m[22m should track cache misses
       [2m[90mÔåô[39m[22m should calculate accurate hit rate
       [2m[90mÔåô[39m[22m should track memory usage
       [2m[90mÔåô[39m[22m should store multiple keys and track key count
       [2m[90mÔåô[39m[22m should handle key deletion
       [2m[90mÔåô[39m[22m should handle batch key deletion
       [2m[90mÔåô[39m[22m should execute commands with acceptable latency
       [2m[90mÔåô[39m[22m should track command execution times
       [2m[90mÔåô[39m[22m should handle multiple get operations efficiently
       [2m[90mÔåô[39m[22m should provide cache metrics
       [2m[90mÔåô[39m[22m should generate formatted status report
       [2m[90mÔåô[39m[22m should track total commands executed
       [2m[90mÔåô[39m[22m should handle API response caching workflow
       [2m[90mÔåô[39m[22m should handle session data workflow
       [2m[90mÔåô[39m[22m should handle counter increments
       [2m[90mÔåô[39m[22m should simulate cache warming scenario
       [2m[90mÔåô[39m[22m should validate configuration
       [2m[90mÔåô[39m[22m should reject invalid min/max connections

[31mÔÄ»ÔÄ»ÔÄ»ÔÄ»ÔÄ»ÔÄ»[39m[1m[41m Failed Suites 2 
[49m[22m[31mÔÄ»ÔÄ»ÔÄ»ÔÄ»ÔÄ»ÔÄ»ÔÄ»[39m

[41m[1m FAIL [22m[49m 
tests/unit/redis-manager.test.ts[2m > [22mRedis Manager 
- Cache Optimization (Phase 13)
[31m[1mError[22m: Hook timed out in 10000ms.
If this is a long-running hook, pass a timeout value as 
the last argument or configure it globally with 
"hookTimeout".[39m
[36m [2mÔØ»[22m 
tests/unit/redis-manager.test.ts:[2m23:3[22m[39m
    [90m 21| [39m  [35mlet[39m manager[33m:[39m 
[33mRedisManager[39m[33m;[39m
    [90m 22| [39m
    [90m 23| [39m  [34mbeforeAll[39m([35masync[39m 
() [33m=>[39m {
    [90m   | [39m  [31m^[39m
    [90m 24| [39m    manager [33m=[39m [35mnew[39m 
[33mRedisManager[39m(developmentConfig)[33m;[39m
    [90m 25| [39m

[31m[2mÔÄ»ÔÄ»ÔÄ»ÔÄ»ÔÄ»ÔÄ»ÔÄ»ÔÄ»ÔÄ»ÔÄ»ÔÄ»ÔÄ»ÔÄ»ÔÄ»ÔÄ»ÔÄ»Ô
Ä»ÔÄ»ÔÄ»ÔÄ»ÔÄ»ÔÄ»ÔÄ»ÔÄ»[1/4]ÔÄ»[22m[39m

[41m[1m FAIL [22m[49m 
tests/unit/redis-manager.test.ts[2m > [22mRedis Manager 
- Cache Optimization (Phase 13)
[41m[1m FAIL [22m[49m 
dist/tests/unit/redis-manager.test.js[2m > [22mRedis 
Manager - Cache Optimization (Phase 13)
[31m[1mMaxRetriesPerRequestError[22m: Reached the max 
retries per request limit (which is 3). Refer to 
"maxRetriesPerRequest" option for details.[39m
[90m [2mÔØ»[22m Socket.<anonymous> node_modules/ioredis
/built/redis/event_handler.js:[2m207:37[22m[39m

[31m[2mÔÄ»ÔÄ»ÔÄ»ÔÄ»ÔÄ»ÔÄ»ÔÄ»ÔÄ»ÔÄ»ÔÄ»ÔÄ»ÔÄ»ÔÄ»ÔÄ»ÔÄ»ÔÄ»Ô
Ä»ÔÄ»ÔÄ»ÔÄ»ÔÄ»ÔÄ»ÔÄ»ÔÄ»[2/4]ÔÄ»[22m[39m

[41m[1m FAIL [22m[49m 
dist/tests/unit/redis-manager.test.js[2m > [22mRedis 
Manager - Cache Optimization (Phase 13)
[31m[1mError[22m: Hook timed out in 10000ms.
If this is a long-running hook, pass a timeout value as 
the last argument or configure it globally with 
"hookTimeout".[39m
[36m [2mÔØ»[22m 
tests/unit/redis-manager.test.ts:[2m23:12[22m[39m
    [90m 21| [39m  [35mlet[39m manager[33m:[39m 
[33mRedisManager[39m[33m;[39m
    [90m 22| [39m
    [90m 23| [39m  [34mbeforeAll[39m([35masync[39m 
() [33m=>[39m {
    [90m   | [39m           [31m^[39m
    [90m 24| [39m    manager [33m=[39m [35mnew[39m 
[33mRedisManager[39m(developmentConfig)[33m;[39m
    [90m 25| [39m

[31m[2mÔÄ»ÔÄ»ÔÄ»ÔÄ»ÔÄ»ÔÄ»ÔÄ»ÔÄ»ÔÄ»ÔÄ»ÔÄ»ÔÄ»ÔÄ»ÔÄ»ÔÄ»ÔÄ»Ô
Ä»ÔÄ»ÔÄ»ÔÄ»ÔÄ»ÔÄ»ÔÄ»ÔÄ»[3/4]ÔÄ»[22m[39m


[2m Test Files [22m [1m[31m2 failed[39m[22m[2m | [22m[1m[32m20 passed[39m[22m[90m (22)[39m
[2m      Tests [22m [1m[32m542 passed[39m[22m[2m | [22m[33m88 skipped[39m[90m (630)[39m
[2m   Start at [22m 05:04:29
[2m   Duration [22m 12.00s[2m (transform 2.57s, setup 0ms, import 6.29s, tests 22.99s, environment 4ms)[22m

